// Jest Snapshot v1, https://goo.gl/fbAQLP

exports[`components/LeavePrivateChannelModal should match snapshot, init 1`] = `
<ConfirmModal
  confirmButtonClass="btn btn-danger"
  confirmButtonText={
    <FormattedMessage
      defaultMessage="Yes, leave channel"
      id="leave_private_channel_modal.leave"
      values={Object {}}
    />
  }
  message={
    <FormattedMessage
      defaultMessage="Are you sure you wish to leave the private channel {channel}? You must be re-invited in order to re-join this channel in the future."
      id="leave_private_channel_modal.message"
      values={
        Object {
          "channel": <b>
            Test Channel 1
          </b>,
        }
      }
    />
  }
  modalClass=""
  onCancel={[MockFunction]}
  onConfirm={[Function]}
  show={false}
  title={
    <FormattedMessage
      defaultMessage="Leave Private Channel {channel}"
      id="leave_private_channel_modal.title"
      values={
        Object {
          "channel": <b>
            Test Channel 1
          </b>,
        }
      }
    />
  }
/>
`;
