// Jest Snapshot v1, https://goo.gl/fbAQLP

exports[`components/needs_team should match snapshots for init with existing team 1`] = `
<Switch>
  <Route
    component={
      Object {
        "$$typeof": Symbol(react.lazy),
        "_ctor": [Function],
        "_result": null,
        "_status": -1,
      }
    }
    path="/:team/integrations"
  />
  <Route
    component={
      Object {
        "$$typeof": Symbol(react.lazy),
        "_ctor": [Function],
        "_result": null,
        "_status": -1,
      }
    }
    path="/:team/emoji"
  />
  <Route
    render={[Function]}
  />
</Switch>
`;

exports[`components/needs_team should match snapshots for init with existing team 2`] = `
<Switch>
  <Route
    component={
      Object {
        "$$typeof": Symbol(react.lazy),
        "_ctor": [Function],
        "_result": null,
        "_status": -1,
      }
    }
    path="/:team/integrations"
  />
  <Route
    component={
      Object {
        "$$typeof": Symbol(react.lazy),
        "_ctor": [Function],
        "_result": null,
        "_status": -1,
      }
    }
    path="/:team/emoji"
  />
  <Route
    render={[Function]}
  />
</Switch>
`;
